../Core/Src/LSM6DS3TR.c:54:22:LSM6DS3TR_C_ReadReg	24	static
../Core/Src/LSM6DS3TR.c:64:22:LSM6DS3TR_C_WriteReg	40	static
../Core/Src/LSM6DS3TR.c:82:21:wrap_deg_180	16	static
../Core/Src/LSM6DS3TR.c:101:9:LSM6DS3TR_C_ReadU8	24	static
../Core/Src/LSM6DS3TR.c:107:6:LSM6DS3TR_C_WriteU8	16	static
../Core/Src/LSM6DS3TR.c:113:6:LSM6DS3TR_C_ConfigCTRL	8	static
../Core/Src/LSM6DS3TR.c:127:6:LSM6DS3TR_C_CheckCTRL	24	static
../Core/Src/LSM6DS3TR.c:181:9:LSM6DS3TR_data_ready	16	static
../Core/Src/LSM6DS3TR.c:188:9:LSM6_Merge16	16	static
../Core/Src/LSM6DS3TR.c:192:19:LSM6_ReadGyroRaw	32	static
../Core/Src/LSM6DS3TR.c:201:19:LSM6_ReadAccelRaw	32	static
../Core/Src/LSM6DS3TR.c:213:6:IMU_GetAccelAngles	40	static
../Core/Src/LSM6DS3TR.c:225:6:LSM6DS3TR_C_IRQ	56	static
../Core/Src/LSM6DS3TR.c:272:6:LSM6DS3TR_C_Init	16	static
../Core/Src/LSM6DS3TR.c:296:6:IMU_Start	16	static
../Core/Src/LSM6DS3TR.c:304:6:IMU_Stop	8	static
../Core/Src/LSM6DS3TR.c:308:6:IMU_CalcGyroBias_All_rad	104	static
../Core/Src/LSM6DS3TR.c:335:7:LSM6_get_gyro_sens_dps_per_lsb_from_CTRL2	24	static
../Core/Src/LSM6DS3TR.c:354:6:LSM6_update_gyro_sens_from_device	16	static
../Core/Src/LSM6DS3TR.c:360:7:gyro_raw_to_dps	16	static
../Core/Src/LSM6DS3TR.c:365:7:gyro_raw_to_rads	16	static
../Core/Src/LSM6DS3TR.c:370:6:IMU_GetGyroDps_Corrected	40	static
